"","0.8","0.9"
"1.25",66.2046179739477,88.6291997352173
"1.5",20.0516442193189,26.8434625094108
"1.75",10.5263316306832,14.0917714976028
"2",6.86129422218145,9.18532626076191
